Script started on Mon 06 Nov 2017 05:36:36 PM EST
jrp27@hoare:~/CS112/Proj07$ ls
Debug		 ReversePoem.h		StackException.h  tester.cpp
main.cpp	 ReversePoemTester.cpp	Stack.h		  typescript
poems		 ReversePoemTester.h	StackTester.cpp
ReversePoem.cpp  Stack.cpp		StackTester.h
jrp27@hoare:~/CS112/Proj07$ cat Debug/
cat: Debug/: Is a directory
jrp27@hoare:~/CS112/Proj07$ cat main.cpp 
/* main.cpp
 * ...
 */

#include "ReversePoem.h"
#include "ReversePoemTester.h"
#include <iostream>
using namespace std;

int main() {
	StackTester st;
	st.runTests();
	ReversePoemTester rpt;
	rpt.runTests();
	cout << "\nEnter the name of the poem file: ";
	string poemFile;
	cin >> poemFile;

      ReversePoem reversePoem(poemFile);
      cout << reversePoem.getTitle() << "\n"
           << reversePoem.getAuthor() << "\n"
           << "\n*** Top-To-Bottom ***\n\n"
           << reversePoem.getBody()
           << "\n\n*** Bottom-To-Top ***\n\n"
           << reversePoem.getBodyReversed()
           << endl;
}
jrp27@hoare:~/CS112/Proj07$ cat ReversePoem.cpp 
/*
 * ReversePoem.cpp
 *
 *  Created on: Nov 1, 2017
 *      Author: jrp27
 */

#include "ReversePoem.h"
#include <cassert>
/* ReversePoem constructor
 * @param: filename
 * return:
 * goal: to go into poem.txt and find the poem file with the stated name. Open file
 * read from file and store the string of the file and the string of the file reversed by line
 * creator: Jason Pruim
 */
ReversePoem::ReversePoem(string fileName) {
	// TODO Auto-generated constructor stub
	fileName = "poems/"+fileName;
	ifstream fin (fileName.c_str());
	assert(fin.is_open());
	getline(fin,myTitle);
	getline(fin,myAuthor);
	string line;
	getline(fin,line);
	//getline(fin,line);
	Stack<string> myStack(1);
	bool first = true;
//	while(!fin.eof()){
	while(getline(fin,line)){
//		getline(fin,line);
//		if(line == "\n"){
//			break;
//		}
		if(!first){
			myBody = myBody + "\n"+line;
		}else{
			myBody = myBody + line;
		}
		first = false;
		try{
			myStack.push(line);
		}catch(StackException& se){
			myStack.setCapacity(myStack.getCapacity()*2);
			myStack.push(line);
		}
	}
	unsigned size = myStack.getSize();
	for(unsigned i = 0; i < size; i ++){
		line = myStack.pop();
		myBodyReversed = myBodyReversed +"\n" + line;
	}
}
/* get Title()
 * @param:
 * return: const strin& of myTitle
 * creator: Jason Pruim
 */
const string& ReversePoem::getTitle() const{
	return myTitle;
}
/* get Author()
 * @param:
 * return: const strin& of myAuthor
 * creator: Jason Pruim
 */
const string& ReversePoem::getAuthor() const{
	return myAuthor;
}
/* get Body()
 * @param:
 * return: const strin& of myBody
 * creator: Jason Pruim
 */
const string& ReversePoem::getBody()const {
	return myBody;
}
/* get getBodyReversed()
 * @param:
 * return: const strin& of myBodyReversed
 * creator: Jason Pruim
 */
const string& ReversePoem::getBodyReversed() const{
	return myBodyReversed;
}
jrp27@hoare:~/CS112/Proj07$ cat ReversePoem.h
/*
 * ReversePoem.h
 *
 *  Created on: Nov 1, 2017
 *      Author: jrp27
 */

#ifndef REVERSEPOEM_H_
#define REVERSEPOEM_H_

#include "StackTester.h"
#include <iostream>
#include <fstream>
#include <cstring>
#include "Stack.h"

using namespace std;


class ReversePoem {
public:
	ReversePoem(string fileName);
	const string& getTitle() const;
	const string& getAuthor() const;
	const string& getBody() const;
	const string& getBodyReversed()const;

private:
	string myTitle;
	string myAuthor;
	string myBody;
	string myBodyReversed;


	friend class ReversePoemTester;

};

#endif /* REVERSEPOEM_H_ */
jrp27@hoare:~/CS112/Proj07$ catr  re  ReversePoemTester.cpp 
/*
 * ReversePoemTester.cpp
 *
 *  Created on: Nov 1, 2017
 *      Author: jrp27
 */

#include "ReversePoemTester.h"
#include <cassert>
/* run Tests()
 * @param:
 * return:
 * goal: to determine reverse poem class works
 * creator: Jason Pruim
 */
void ReversePoemTester::runTests() {
	cout << "Testing Reverse Poem class..." << endl;
	testConstructor();
	testFetchMethods();
	cout << "All Tests Passed!" << endl;
}
/* test constructor
 * @param:
 * return:
 * goal: to determine if the constructor works using friend class
 * creator: Jason Pruim
 */
void ReversePoemTester::testConstructor() {
	cout << "- Testing constructor... " << flush;
	ReversePoem rp("love.txt");
	assert(rp.myTitle == "Love?");
	cout << " 0 " << flush;
	assert(rp.myAuthor == "Anonymous");
	cout << " 1 " << flush;
	string a = "I don't love you anymore...";
	string b = "I don't love you anymore...\n"
			"I would be lying if I said\n"
			"That I still love you the way I always did.\n"
			"I'm sure\n"
			"Nothing was in vain.\n"
			"And I feel inside of me that\n"
			"You mean nothing to me\n"
			"I could never really say that\n"
			"Our time together matters.\n"
			"I feel more and more that\n"
			"I'm forgetting you...\n"
			"And I will never use the phrase\n"
			"I love you.\n"
			"I'm sorry but I must tell the truth.";
	for (unsigned i = 0; i < 15; i++) {
		assert(a[i] == rp.myBody[i]);
	}
	assert(b == rp.myBody);
//	cout<<b.length()<<endl;
//	cout<<rp.myBody.length()<<endl;
//	cout<<"this is 367-"<<rp.myBody[367]<<"-"<<endl;
//	cout<<"this is 368-"<<rp.myBody[367]<<"-"<<endl;

	for (unsigned i = 0; i < 366; i++) {
//		cout<<b[i]<<flush;
		assert(b[i] == rp.myBody[i]);
	}
	cout << " 2 " << flush;
	string c = "\nI'm sorry but I must tell the truth.\n"
			"I love you.\n"
			"And I will never use the phrase\n"
			"I feel more and more that\n";
	for (unsigned i = 0; i < 25; i++) {
		//cout<< c[i]<<rp.myBodyReversed[i]<<flush;
		assert(c[i] == rp.myBodyReversed[i]);
	}
	cout << " 3 " << flush;
	cout << "Passed!" << endl;

}
/* test fetch methods
 * @param:
 * return:
 * goal: to determine if the get_____() methods work
 * creator: Jason Pruim
 */
void ReversePoemTester::testFetchMethods() {
	cout << "- Testing Getters... " << flush;
	ReversePoem rp("love.txt");
	assert(rp.myTitle == "Love?");
	assert(rp.getTitle() == "Love?");
	assert(rp.myAuthor == "Anonymous");
	assert(rp.getAuthor() == "Anonymous");
	cout << " 0 " << flush;
	string a = "I don't love you anymore...";
	string b = "I don't love you anymore...\n"
			"I would be lying if I said\n"
			"That I still love you the way I always did.\n"
			"I'm sure\n"
			"Nothing was in vain.\n"
			"And I feel inside of me that\n"
			"You mean nothing to me\n"
			"I could never really say that\n"
			"Our time together matters.\n"
			"I feel more and more that\n"
			"I'm forgetting you...\n"
			"And I will never use the phrase\n"
			"I love you.\n"
			"I'm sorry but I must tell the truth.";
	for (unsigned i = 0; i < 15; i++) {
		assert(a[i] == rp.getBody()[i]);
	}
	cout << " 1 " << flush;
	string c = "\nI'm sorry but I must tell the truth.\n"
			"I love you.\n"
			"And I will never use the phrase\n"
			"I feel more and more that\n";
	for (unsigned i = 0; i < 25; i++) {
		//cout<< c[i]<<rp.myBodyReversed[i]<<flush;
		assert(c[i] == rp.getBodyReversed()[i]);
	}
	cout << " 2 " << flush;
	cout << "Passed!" << endl;

}
jrp27@hoare:~/CS112/Proj07$ cat ReversePoemTester.h
/*
 * ReversePoemTester.h
 *
 *  Created on: Nov 1, 2017
 *      Author: jrp27
 */

#ifndef REVERSEPOEMTESTER_H_
#define REVERSEPOEMTESTER_H_

#include "ReversePoem.h"

class ReversePoemTester {
public:
	//ReversePoemTester();
	void runTests();
	void testConstructor();
	void testFetchMethods();
};

#endif /* REVERSEPOEMTESTER_H_ */
jrp27@hoare:~/CS112/Proj07$ cat Stack.cpp 
jrp27@hoare:~/CS112/Proj07$ catS  Stack.h
/* Stack.h provides a (dynamic-array-based) Stack class.
 * Joel Adams, for CS 112 at Calvin College.
 * Student Name:
 * Date:
 * 
 * Invariant: mySize == 0 && isEmpty() && !isFull()
 *         || mySize == myCapacity && !isEmpty() && isFull()
 *         || mySize > 0 && mySize < myCapacity && !isEmpty() && !isFull().
 * Notes: 
 * 1. Member mySize always contains the index of the next empty space in myArray
 *        (the index of the array element into which the next pushed item will be placed).
 * 2. Sending push() to a full Stack throws the exception Stack::Overflow.
 * 3. Sending pop() or peekTop() to an empty Stack throws the exception Stack::Underflow.
 */

#ifndef STACK_H_
#define STACK_H_

#include "StackException.h"
#include <string>
#include <iostream>

template<class Item>
class Stack {
public:
	Stack(unsigned capacity);
	Stack(const Stack& original);
	~Stack();
	Stack<Item>& operator=(const Stack<Item>& original);
	bool isEmpty() const;
	bool isFull() const;
	Item& peekTop() const;
	void  push(const Item& it);
	Item& pop();
	unsigned getSize() const;
	unsigned getCapacity() const;
	void setCapacity(unsigned newCapacity);
	
protected:
	void makeCopyOf(const Stack<Item>& original);
	
private:
	unsigned myCapacity;
	unsigned mySize;
	Item*    myArray;
	friend class StackTester;
};



///* Stack.cpp defines the dynamically allocated (array-based ) Stack operations.
// * Joel Adams, for CS 112 at Calvin College.
// * Student Name:
// * Date:
// */
//
//#include "Stack.h"
//#include <vector>
//#include "StackException.h"

/* explicit-value constructor
 * Parameter: capacity, an unsigned value.
 * Precondition: capacity > 0.
 * Postcondition: mySize == 0 && myCapacity == capacity
 *              && myArray contains the address of a dynamic array of 'capacity' entries.
 */
template<class Item>
Stack<Item>::Stack(unsigned capacity) {
	if(capacity ==0){
		throw StackException("Stack(size)", "size must be positive!");
	}
   mySize = 0;
   myCapacity = capacity;
   myArray = new Item[capacity];
}

/* copy constructor
 * Parameter: original, a Stack (const reference).
 * Postcondition: I am a copy of original.
 */
template<class Item>
Stack<Item>::Stack(const Stack& original) {
	makeCopyOf(original);
}

/* utility method containing code refactored from
 *  the copy constructor and operator=.
 * Parameter: original, a Stack (const reference).
 * Precondition: original.myCapacity > 0.
 * Postcondition: I am a copy of original.
 */
template<class Item>
void Stack<Item>::makeCopyOf(const Stack<Item>& original) {
	myCapacity = original.myCapacity;
	myArray = new Item[myCapacity];

	for (unsigned i = 0; i < myCapacity; i++) {
		myArray[i] = original.myArray[i];
	}
	mySize = original.mySize;
}

/* destructor
 * Postcondition: myCapacity == 0 && mySize == 0
 *             && myArray has been deallocated.
 */
template<class Item>
Stack<Item>::~Stack() {
	delete [] myArray;
	myArray = NULL;
	myCapacity = 0;
	mySize = 0;
}

/* assignment operator
 * Parameter: original, a Stack (const reference).
 * Postcondition: I am a copy of original
 *              && I have been returned.
 */
template<class Item>
Stack<Item>& Stack<Item>::operator=(const Stack<Item>& original) {
	if (this != &original) {
		delete [] myArray;
		makeCopyOf(original);
	}
	return *this;
}
template<class Item>
bool Stack<Item>::isEmpty() const{
	return mySize ==0;
}
template<class Item>
bool Stack<Item>::isFull() const{
	return mySize == myCapacity;
}
template<class Item>
Item& Stack<Item>::peekTop() const{
    if ( isEmpty() ) {
       throw StackException("peekTop()", "stack is empty");
    } else {
       return myArray[mySize - 1];
    }
}
template<class Item>
void Stack<Item>::push(const Item& it){
//	if(mySize == myCapacity){
//		Item* temp = new Item[myCapacity*2];
//		for (unsigned i = 0; i < myCapacity; i++) {
//			temp[i] = myArray[i];
//		}
//		delete [] myArray;
//		myArray = temp;
//		myCapacity = myCapacity*2;
//	}
	if(mySize == myCapacity){
		throw StackException("push()", "Stack is full!");
	}
	else{
	myArray[mySize] = it;
	}
	mySize++;
}
template<class Item>
Item& Stack<Item>::pop(){
	if(mySize == 0){
		throw StackException ("pop()","called on Stack of size 0");
	}
	return myArray[--mySize];
}
template<class Item>
unsigned Stack<Item>::getSize() const{
	return mySize;
}
template<class Item>
unsigned Stack<Item>::getCapacity() const{
	return myCapacity;
}
template<class Item>
void Stack<Item>::setCapacity(unsigned newCapacity){
	if(newCapacity < mySize){
		throw StackException ("setCapacity", "Not allowed to decrease Capacity");
	}else if ( newCapacity == myCapacity){
		return;
	}
	Item * ptr = new Item[newCapacity];
	for(unsigned i = 0; i< mySize; i++){
		ptr[i] = myArray[i];
	}
	myCapacity = newCapacity;
	delete [] myArray;
	myArray = ptr;
}



#endif

jrp27@hoare:~/CS112/Proj07$ cat StackException.h 
/* StackException.h models exceptions in stack operations.
 * Joel Adams, for CS 112 at Calvin College.
 * Student Name: Jason Pruim
 * Date: Halloween
 */

#ifndef STACK_EXCEPTION
#define STACK_EXCEPTION

#include <iostream>
using namespace std;

 
class StackException {
public:
   StackException(const string& whereThrown,
                  const string& message) { 
       myLocation = whereThrown; 
       myMessage = message; 
   }

   string asString() const {
       return "*** StackException in " +
               myLocation + ": " + myMessage; 
   }

private:
   string myLocation;
   string myMessage;
};  // StackException


/* Function to allow a StackException (or a subclass) to be displayed
 * via an ostream.
 * Parameters: out, an ostream;
 *             se, a StackException.
 * Postcondition: the string representation of se has been inserted
 * into out
 *             && return-value == out.
 */
inline ostream& operator<<(ostream& out, const StackException& se) {
      out << se.asString();
      return out;
}

#endif

jrp27@hoare:~/CS112/Proj07$ cat Stack.cpp 
jrp27@hoare:~/CS112/Proj07$ cat Stack. Tester.cpp 
/* StackTester.cpp defines test-methods for the 
 *  dynamically allocated (array) Stack operations
 * Joel Adams, for CS 112 at Calvin College
 */

#include "StackTester.h"
#include "Stack.h"
#include <iostream>  // cout, cerr, ...
#include <cassert>   // assert()
#include <cstdlib>   // exit()
#include <stdexcept>
#include "StackException.h"
using namespace std;

void StackTester::runTests() {
	cout << "Testing Stack class..." << endl;
	testConstructor();
	testIsEmpty();
	testPushPeekTopAndIsFull();
	testPop();
	testCopyConstructor();
	testAssignment();
	testDestructor();
	testGetSizeGetCapacitySetCapacity();
	cout << "All tests passed!" << endl;
}

void StackTester::testConstructor() {
	cout << "- Testing constructor... " << flush;
	// invalid parameter
	try {
		Stack<double> s1(0);
		cerr << "\nConstructed stack of size 0\n";
		exit(1);
	} catch (StackException& se) {
//		cout << se << flush;
	}
	cout << " 1 " << flush;
	// valid parameter
	Stack<double> s2(3);
	cout << " 2 " << flush;
	cout << " Passed!" << endl;
}

void StackTester::testIsEmpty() {
	cout << "- Testing isEmpty()... " << flush;
	// capacity 1
	Stack<double> s1(1);
	assert( s1.isEmpty() );
	cout << " 1 " << flush;
	// capacity > 1
	Stack<double> s2(3);
	assert( s2.isEmpty() );
	cout << " 2 " << flush;
	cout << " Passed!" << endl;
}


void StackTester::testPushPeekTopAndIsFull() {
	cout << "- Testing push()... " << flush;
	// test with capacity 1
	Stack<double> s1(1);
	s1.push(11);
	assert( s1.peekTop() == 11 );
	assert( !s1.isEmpty() );
	assert( s1.isFull() );
	try {
		s1.push(22);
		cerr << "\npush() worked on a full stack (size 1)\n";
		exit(1);
	} catch (StackException& se) {
		cout << " 1 " << flush;
	}
	// test with capacity > 1
	Stack<double> s2(3);
	s2.push(11);
	assert( s2.peekTop() == 11 );
	s2.push(22);
	assert( s2.peekTop() == 22 );
	s2.push(33);
	assert( s2.peekTop() == 33 );
	try {
		s2.push(44);
		cerr << "\npush() worked on a full stack (size 3)\n";
		exit(1);
	} catch (StackException& se) {
		cout << " 2 " << flush;
	}
	cout << " Passed! " << endl;
}

void StackTester::testPop() {
	cout << "- Testing pop()... " << flush;
	// try empty, capacity 1
	Stack<double> s1(1);
	assert( s1.isEmpty() );
    try {
            s1.peekTop();
            cerr << "\npeekTop() worked on empty stack (size 1)\n";
            exit(1);
    } catch (StackException& se) {
            cout << " 0a " << flush;
    }
	try {
		s1.pop();
		cerr << "\npop() worked on empty stack (size 1)\n";
		exit(1);
	} catch (StackException& se) {
		cout << " 0b " << flush;
	}

	// try empty, capacity > 1
	Stack<double> s2(3);
	try {
		s2.pop();
		cerr << "\npop() worked on empty stack (size 3)\n";
		exit(1);
	} catch (StackException& se) {
		cout << " 1a " << flush;
	}
    try {
            s2.peekTop();
            cerr << "\npeekTop() worked on empty stack (size 3)\n";
            exit(1);
    } catch (StackException& se) {
            cout << " 1b " << flush;
    }

	// try non-empty, capacity 1
	Stack<double> s3(1);
	s3.push(11);
	assert( s3.peekTop() == 11 );
	assert( s3.pop() == 11 );
	cout << " 2 " << flush;
	try {
		s3.pop();
		cerr << "\ns3.pop() worked on empty stack (size 1)\n";
		exit(1);
	} catch (StackException& se) {
		cout << " 2a " << flush;
	}
    try {
            s3.peekTop();
            cerr << "\ns3.peekTop() worked on empty stack (size 1)\n";
            exit(1);
    } catch (StackException& se) {
            cout << " 2b " << flush;
    }

	// try non-empty, capacity > 1
	Stack<double> s4(3);
	s4.push(11);
	s4.push(22);
	s4.push(33);
	assert( s4.peekTop() == 33 );
	assert( s4.pop() == 33 );
	assert( s4.peekTop() == 22 );
	assert( s4.pop() == 22 );
	assert( s4.peekTop() == 11 );
	assert( s4.pop() == 11 );
	cout << " 3 " << flush;
	try {
		s4.pop();
		cerr << "\ns4.pop() worked on empty stack (size 3)\n";
		exit(1);
	} catch (StackException& se) {
		cout << " 3a " << flush;
	}
    try {
            s4.peekTop();
            cerr << "\ns4.peekTop() worked on empty stack (size 3)\n";
            exit(1);
    } catch (StackException& se) {
            cout << " 3b " << flush;
    }

	cout << " Passed!" << endl;
}

void StackTester::testCopyConstructor() {
	cout << "- Testing copy constructor... " << flush;
	// minimal empty Stack
	Stack<double> s1(1);
	Stack<double> s2(s1);
	assert( s2.isEmpty() );
	assert( s2.myArray != NULL );
	assert( s2.myCapacity == 1 );
	assert( s2.myArray != s1.myArray );
	cout << " 1 " << flush;
	// minimal non-empty Stack
	Stack<double> s3(1);
	s3.push(11);
	Stack<double> s4(s3);
	assert( !s4.isEmpty() );
	assert( s4.isFull() );
	assert( s4.peekTop() == 11 );
	assert( s4.myArray != s3.myArray );
	cout << " 2 " << flush;
	// non-minimal, non-empty stack
	Stack<double> s5(3);
	s5.push(11);
	s5.push(22);
	s5.push(33);
	Stack<double> s6(s5);
	assert( s6.myCapacity == s5.myCapacity );
	assert( s6.mySize == s5.mySize );
	assert( s6.myArray != s5.myArray );
	assert( s6.pop() == 33 );
	assert( s6.pop() == 22 );
	assert( s6.pop() == 11 );
	assert( s5.peekTop() == 33 );
	cout << " 3 " << flush;
	cout << "Passed!" << endl;
}

void StackTester::testAssignment() {
	cout << "- Testing assignment... " << flush;
	// minimal empty Stacks, same size
	Stack<double> s1(1);
	Stack <double>s2(1);
	s2 = s1;
	assert( s2.isEmpty() );
	assert( s2.myArray != NULL );
	assert( s2.myArray != s1.myArray );
	assert( s2.myCapacity == 1 );
	cout << " 1 " << flush;
	// minimal non-empty Stack to empty Stack, same capacity
	Stack<double> s3(1);
	s3.push(11);
	Stack<double> s4(1);
	s4 = s3;
	assert( !s4.isEmpty() );
	assert( s4.isFull() );
	assert( s4.peekTop() == 11 );
	assert( s4.myArray != s3.myArray );
	cout << " 2 " << flush;
	// minimal empty stack to non-empty stack, same capacity
	Stack<double> s5(1);
	Stack<double> s6(1);
	s6.push(11);
	s6 = s5;
	assert( s6.isEmpty() );
	assert( s6.myArray != NULL );
	assert( s6.myArray != s5.myArray );
	assert( s6.myCapacity == 1 );
	cout << " 3 " << flush;
	// non-minimal non-empty stack to empty stack, different capacities
	Stack<double> s7(3);
	s7.push(11);
	s7.push(22);
	s7.push(33);
	Stack<double> s8(2);
	s8 = s7;
	assert( s8.myArray != s7.myArray );
	assert( s8.myCapacity == s7.myCapacity );
	assert( s8.mySize == s7.mySize );
	assert( s8.pop() == 33 );
	assert( s8.pop() == 22 );
	assert( s8.pop() == 11 );
	assert( s7.peekTop() == 33 );
	cout << " 4 " << flush;
	// non-minimal, empty stack to non-empty stack, different capacities
	Stack<double> s9(2);
	Stack<double> s10(3);
	s10.push(11);
	s10.push(22);
	s10.push(33);
	s10 = s9;
	assert( s10.isEmpty() );
	assert( s10.myArray != s9.myArray );
	assert( s10.myCapacity == s10.myCapacity );
	cout << " 5 " << flush;
	// self-assignment, minimal size
	Stack<double> s11(1);
	s11.push(11);
	s11 = s11;
	assert( s11.isFull() );
	assert( !s11.isEmpty() );
	cout << " 6 " << flush;
	// chaining
	Stack<double> s12(2);
	s12.push(11);
	s12.push(22);
	Stack<double> s13(1);
	Stack<double> s14(1);
	s14 = s13 = s12;
	assert( s14.isFull() );
	assert( s14.myArray != s13.myArray );
	assert( s14.myArray != s12.myArray );
	assert( s14.pop() == 22 );
	assert( s14.pop() == 11 );
	assert( s14.isEmpty() );
	cout << " 7 " << flush;
      // self-assignment, non-minimal size
      s13 = s13;
	assert( !s13.isEmpty() );
	assert( s13.isFull() );
	assert( s13.pop() == 22 );
	assert( s13.pop() == 11 );
	assert( s13.isEmpty() );
	cout << " 8 " << flush;
	cout << "Passed!" << endl;
}

void StackTester::testDestructor() {
	cout << "- Testing destructor..." << flush;
	// minimal, empty
	Stack<double> s1(1);
	s1.~Stack();
	assert( s1.isEmpty() );
	assert( s1.myArray == NULL );
	assert( s1.myCapacity == 0 );
	cout << " 1 " << flush;
	// minimal, non-empty
	Stack<double> s2(1);
	s2.push(11);
	s2.~Stack();
	assert( s2.isEmpty() );
	assert( s2.myArray == NULL );
	assert( s2.myCapacity == 0 );
	cout << " 2 " << flush;
	// non-minimal, empty
	Stack<double> s3(3);
	s3.~Stack();
	assert( s3.isEmpty() );
	assert( s3.myArray == NULL );
	assert( s3.myCapacity == 0 );
	cout << " 3 " << flush;
	// non-minimal, non-empty
	Stack<double> s4(3);
	s4.push(11);
	s4.push(22);
	s4.push(33);
	s4.~Stack();
	assert( s4.isEmpty() );
	assert( s4.myArray == NULL );
	assert( s4.myCapacity == 0 );
	cout << " 4 " << flush;
	cout << " Passed!" << endl;
}


void StackTester::testGetSizeGetCapacitySetCapacity(){
	cout<<"- Testing getSize(), getCapacity(), and setCapacity()..."<<flush;
	//Testing get size and get Capacity on a stack of capacity 3 as items are pushed into it.
	//Empty
	Stack<double> s0(3);
	assert(s0.getSize() == 0);
	assert(s0.getCapacity() == 3);
	cout<< " 0 "<<flush;
	//increasing size but not capacity
	s0.push(11);
	assert(s0.getSize() == 1);
	assert(s0.getCapacity() == 3);
	s0.push(22);
	assert(s0.getSize() == 2);
	assert(s0.getCapacity() == 3);
	s0.push(33);
	assert(s0.getSize() == 3);
	assert(s0.getCapacity() == 3);
	cout<<" 1 "<<flush;
	try{
		s0.setCapacity(0);
		cerr<<"setCapacity(0) worked on a stack with 3 items";
	}catch( StackException& se){
		//cout<< se<<flush;									//uncomment to check for right exception message
		cout<< " 2 "<<flush;
	}
	//change capacity to 4, change it back to 3, then change it to 4 again
	s0.setCapacity(4);
	assert(s0.getCapacity() == 4);
	assert(s0.getSize() == 3);
	s0.setCapacity(3);
	assert(s0.getCapacity() == 3);
	assert(s0.getSize() == 3);
	s0.setCapacity(4);
	assert(s0.getCapacity() == 4);
	assert(s0.getSize() == 3);
	cout<< " 3a "<<flush;
	//fill new capacity
	s0.push(44);
	assert(s0.getCapacity() == 4);
	assert(s0.getSize() == 4);
	//check that new capacity is acutally bound at 4
	cout<<" 3b "<<flush;
	try{
		s0.push(55);
		cerr<<"setCapacity(0) failed to change capacity to 4";
	}catch( StackException& se){
		//cout<< se<<flush;									//uncomment to check for right exception message
		cout<< " 4 "<<flush;
	}
	//check no change in capacity doesn't throw errors
	s0.setCapacity(4);
	assert(s0.getCapacity() == 4);
	assert(s0.getSize() == 4);
	cout<< " 5 "<< flush;
	//check values of items in s0
	for(unsigned i = 0; i < s0.getSize(); i ++){
		assert(s0.myArray[i] == int((i+1)*11)	);
	}
	cout<< " 6 "<<flush;

	cout<< "Passed!"<<endl;
}
jrp27@hoare:~/CS112/Proj07$ cat StackTester.h
/* StackTester.h declares a test-class for a dynamically allocated (array) Stack.
 * Joel Adams, for CS 112 at Calvin College
 */

#ifndef STACKTESTER_H_
#define STACKTESTER_H_


class StackTester {
public:
	void runTests();
	void testConstructor();
	void testIsEmpty();
	void testPushPeekTopAndIsFull();
	void testPop();
	void testCopyConstructor();
	void testAssignment();
	void testDestructor();
	void testGetSizeGetCapacitySetCapacity();
};

#endif /*STACKTESTER_H_*/

jrp27@hoare:~/CS112/Proj07$ cat tester.cpp 
/* tester.cpp is a "driver" to run the tests in the StackTester class.
 * Joel Adams, for CS 112 at Calvin College.
 */
 
#include "StackTester.h"
//
//int main() {
//	StackTester st;
//	st.runTests();
//
//
//}

jrp27@hoare:~/CS112/Proj07$ cd Debug/
jrp27@hoare:~/CS112/Proj07/Debug$ ls
main.d	    Proj07		 ReversePoemTester.o  StackTester.d  tester.o
main.o	    ReversePoem.d	 sources.mk	      StackTester.o
makefile    ReversePoem.o	 Stack.d	      subdir.mk
objects.mk  ReversePoemTester.d  Stack.o	      tester.d
jrp27@hoare:~/CS112/Proj07/Debug$ make all
make: Nothing to be done for 'all'.
jrp27@hoare:~/CS112/Proj07/Debug$ cd ..
jrp27@hoare:~/CS112/Proj07$ ./D debu    Debug/Proj07 
Testing Stack class...
- Testing constructor...  1  2  Passed!
- Testing isEmpty()...  1  2  Passed!
- Testing push()...  1  2  Passed! 
- Testing pop()...  0a  0b  1a  1b  2  2a  2b  3  3a  3b  Passed!
- Testing copy constructor...  1  2  3 Passed!
- Testing assignment...  1  2  3  4  5  6  7  8 Passed!
- Testing destructor... 1  2  3  4  Passed!
- Testing getSize(), getCapacity(), and setCapacity()... 0  1  2  3a  3b  4  5  6 Passed!
All tests passed!
Testing Reverse Poem class...
- Testing constructor...  0  1  2  3 Passed!
- Testing Getters...  0  1  2 Passed!
All Tests Passed!

Enter the name of the poem file: cats.txt
Cats
Leo J. Smada

*** Top-To-Bottom ***

I love it when cats rub against me.
I could never say
I hate those purring felines.


*** Bottom-To-Top ***



I hate those purring felines.
I could never say
I love it when cats rub against me.
jrp27@hoare:~/CS112/Proj07$ lovet .txt
bash: love.txt: command not found
jrp27@hoare:~/CS112/Proj07$ ./de  Debug/Proj07 
Testing Stack class...
- Testing constructor...  1  2  Passed!
- Testing isEmpty()...  1  2  Passed!
- Testing push()...  1  2  Passed! 
- Testing pop()...  0a  0b  1a  1b  2  2a  2b  3  3a  3b  Passed!
- Testing copy constructor...  1  2  3 Passed!
- Testing assignment...  1  2  3  4  5  6  7  8 Passed!
- Testing destructor... 1  2  3  4  Passed!
- Testing getSize(), getCapacity(), and setCapacity()... 0  1  2  3a  3b  4  5  6 Passed!
All tests passed!
Testing Reverse Poem class...
- Testing constructor...  0  1  2  3 Passed!
- Testing Getters...  0  1  2 Passed!
All Tests Passed!

Enter the name of the poem file: love.txt
Love?
Anonymous

*** Top-To-Bottom ***

I don't love you anymore...
I would be lying if I said
That I still love you the way I always did.
I'm sure
Nothing was in vain.
And I feel inside of me that
You mean nothing to me
I could never really say that
Our time together matters.
I feel more and more that
I'm forgetting you...
And I will never use the phrase
I love you.
I'm sorry but I must tell the truth.

*** Bottom-To-Top ***


I'm sorry but I must tell the truth.
I love you.
And I will never use the phrase
I'm forgetting you...
I feel more and more that
Our time together matters.
I could never really say that
You mean nothing to me
And I feel inside of me that
Nothing was in vain.
I'm sure
That I still love you the way I always did.
I would be lying if I said
I don't love you anymore...
jrp27@hoare:~/CS112/Proj07$ exit

Script done on Mon 06 Nov 2017 05:39:02 PM EST
