Script started on Wed 20 Sep 2017 11:30:13 AM EDT
jrp27@church:~/CS112/Proj01$ ls
ActivePlaylist.txt     PlayList.cpp		      SongTester.cpp
Application.cpp        PlayList.h		      SongTester.h
Application.h	       PlayListTester.cpp	      testSongOutput.txt
ApplicationTester.cpp  PlayListTester.h		      testSongs.txt
ApplicationTester.h    Project01-test2.exe.stackdump  typescript
Debug		       Song.cpp
main.cpp	       Song.h
jrp27@church:~/CS112/Proj01$ cat ActivePlaylist.txt 
Call Me Maybe
Carly Rae Jepsen
2012

Let It Be
The Beatles
1967

Let It Be
Joan Baez
1971

Penny Lane
The Beatles
1967

This is the second time
The Beatles
1979

jrp27@church:~/CS112/Proj01$ cat Application, .cpp `  
/*
 * Application.cpp
 *
 *  Created on: Sep 15, 2017
 *      Author: Jason Pruim
 *  Makes, edits, and searches through a play list via terminal/console.
 */

#include "Application.h"
#include <string>
#include <iostream>
#include "PlayList.h"
#include "Song.h"
#include <cassert>
#include <stdio.h>
#include <stdlib.h>
using namespace std;

Application::Application() {
	// TODO Auto-generated constructor stub
//    makeStarterPlayList();
//    string myPlaylist = "ActivePlaylist.txt";
}
/* Make Interface
 * @param:
 * return: string of interface text
 * Goal is to provide an intuitive message for users of the app.
 */
string Application::makeInterface(){
	string text = "Welcome to Play List Manager \n Play list Loaded. Will auto save /n Please enter:  \n 1: to search in the play list for songs by an artist \n 2: to search in play list by year \n 3: to search play list by title\n 4: to add a song to the play list \n 5: to load basic play list example \n q: to end program";
	//5: to save a play list \n 6: to load a play list \n
	return text;
}
/* Title Response
 * @param:const string& user input
 * return:
 * Goal is to inte1rpret user inputs as commands.
 * Calls methods when applicable and otherwise returns an polite error message and requests a new input.
 */
void Application::titleResponse(const string& response){
	if(response == "1") {
	   // statement(s) will execute if the boolean expression is true
		requestedSearchByArtist();
	}
	else if (response == "2"){
		requestedSearchByYear();
	}
	else if (response == "3"){
		requestedSearchByTitle();
	}
	else if (response == "4"){
		requestedAddSong();
	}
	else if (response == "5"){
		makeStarterPlayList();
		makeMenu();
	}
//	else if (response =="5"){
//		savePlayList();
//	}
//	else if (response =="6"){
//		//loadPlayList();
//	}
	else if (response == "q"){
	    cout << string( 100, '\n' );
	    cout<< "Thanks for running the Play List App"<<endl;
	}
	else {
	  // statement(s) will execute all other boolean expressions are false
		string input;
		cout <<"Please enter a number 1 to 5 without any spaces or q to quit."<< endl;
		cin >> input;
		titleResponse(input);
		//makeMenu();
	}
}
/* Makes Menu
 * @param:
 * return:
 * Goal is request text from makeInterface() method and then wait for user input to continue. Calls title response method after user input.
 *
 */
void Application::makeMenu(){
	cout <<"\n\n\n\n\n\n\n\n\n\n\n\n\n\n\n\n\n\n\n\n\n\n\n"<< endl;
	string text = makeInterface();
    //cout << "Play list Loaded. Will auto save"<< endl;
	cout << text << endl;
	string response;
	cin >> response;
	titleResponse(response);
}
/* Requested Search by Year
 * @param:
 * return:
 * Goal is to find all songs with the year requested inside of active playlist.
 * Shortened years such as "19" will show all songs from 1900's and all years that end or contain 19: like 2019 and 1190
 * uses console to communicate with user.
 */
void Application::requestedSearchByYear(){
	cout<< "What year do you wish to search for?"<<endl;
	string year;
	cin>> year;
	string stall;
	PlayList pList("ActivePlaylist.txt");
	vector<Song> searchResult = pList.searchByYear(year);
	unsigned numberOfResults = searchResult.size();
	if (numberOfResults != 0) {
		cout<<"Songs found:"<<endl;
		for (unsigned i = 0; i < numberOfResults; ++i) {
			cout << searchResult[i].getTitle() << endl;
		}
		cout<< "Enter anything to return to main Menu"<<endl;
		cin >> stall;
		makeMenu();
	} else {
		cout << "Sorry no songs match that year" << endl;
		cout<< "Enter anything to return to main Menu"<<endl;
		cin >> stall;
		makeMenu();
	}
}
/* Requested Search by Artist
 * @param:
 * return:
 * Goal is to find all songs with a requested artist. Songs come from active play list.
 * uses console to communicate with user. Typing in part of an artist's name will give all artists that contain that phrase
 */
void Application::requestedSearchByArtist(){
	cout<< "What Artist do you wish to search for?"<<endl;
	string artist;
	cin>> artist;
	string stall;
	PlayList pList("ActivePlaylist.txt");
	vector<Song> searchResult = pList.searchByArtist(artist);
	unsigned numberOfResults = searchResult.size();
	if (numberOfResults != 0) {
		cout<<"Songs found:"<<endl;
		for (unsigned i = 0; i < numberOfResults; ++i) {
			cout << searchResult[i].getTitle() << endl;
		}
		cout<< "Enter anything to return to main Menu"<<endl;
		cin >> stall;
		makeMenu();
	} else {
		cout << "Sorry no songs match that artist" << endl;
		cout<< "Enter anything to return to main Menu"<<endl;
		cin >> stall;
		makeMenu();
	}
}
/* Requested Search by Title
 * @param:
 * return:
 * Goal is to find all songs with a requested phrase inside of its title. Songs come from active play list.
 * uses console to communicate with user.
 */
void Application::requestedSearchByTitle(){
	cout<< "What Title do you wish to search for?"<<endl;
	string title;
	cin>> title;
	string stall;
	PlayList pList("ActivePlaylist.txt");
	vector<Song> searchResult = pList.searchByTitle(title);
	unsigned numberOfResults = searchResult.size();
	if (numberOfResults != 0) {
		cout<<"Songs found:"<<endl;
		for (unsigned i = 0; i < numberOfResults; ++i) {
			cout << searchResult[i].getTitle() << endl;
		}
		cout<< "Enter anything to return to main Menu"<<endl;
		cin >> stall;
		makeMenu();
	} else {
		cout << "Sorry no songs contain that phrase" << endl;
		cout<< "Enter anything to return to main Menu"<<endl;
		cin >> stall;
		makeMenu();
	}
}
/* Requested Add song (to play list)
 * @param:
 * return:
 * Goal is to add song to play list. Asks user through terminal to input name, artist, and year.
 * uses console to communicate with user.
 */
void Application::requestedAddSong(){
	string myTitle;
	string myArtist;
	string yearImput;
	string stall;
	cout << "What is the song's name?"<<endl;
	getline(cin, stall);
	getline(cin, myTitle);
	//cin >> myTitle;
	cout << "What is the song's artist?"<<endl;
	getline(cin, myArtist);
	//cin >> myArtist;
	cout << "What is the year the song was created in?"<< endl;
	cin>> yearImput;
	unsigned int myYear = atoi(yearImput.c_str());
	// declare three songs
	Song s1(myTitle, myArtist, myYear);
	// write the three songs to an output file
	ofstream fout;
	fout.open( "ActivePlaylist.txt", ios::out | ios::app );
	assert(fout.is_open());
	s1.writeTo(fout);
	fout << '\n';
	fout.close();
	cout <<"Your song has been added to the active play list."<<endl;
	cout <<"Enter anything to return to the main Menu"<<endl;
	cin>> stall;
	makeMenu();
}
/* Makes a default playlist
 * @param:
 * return:
 * contains 4 songs that allow user to use various features of the app.
 */
void Application::makeStarterPlayList(){
	Song s1("Call Me Maybe", "Carly Rae Jepsen", 2012);
	Song s2("Let It Be", "The Beatles", 1967);
	Song s3("Let It Be", "Joan Baez", 1971);
	Song s4("Penny Lane", "The Beatles", 1967);
	// write the four songs to an output file
	ofstream fout("ActivePlaylist.txt");
	assert(fout.is_open());
	s1.writeTo(fout);
	fout << '\n';
	s2.writeTo(fout);
	fout << '\n';
	s3.writeTo(fout);
	fout << '\n';
	s4.writeTo(fout);
	fout << '\n';
	fout.close();
}
/*
 * more failures, going to stick with only 1 saved file. Can't pull off more
 *
 */
//void Application::savePlayList(){
//	ifstream inFile("ActivePlaylist.txt", ios::binary);
//	ofstream outFile("MyTestSave.txt", ios::binary);
//	char ch;
//	while (!inFile.eof())  // Though perhaps this condition is wrong
//	{
//		inFile.get(ch);
//		outFile <<ch;
//	}
//	inFile.close();
//	outFile.close();
//	string stall;
//	cout << "Your play list has been saved" << endl;
//	cout << "Enter anything to return to the main Menu" << endl;
//	cin >> stall;
//	makeMenu();
//}


/*
 * failed attempts for saving and loading
 */
//void Application::savePlayList(){
//	cout << "Where would you like to save this file (please include .txt ending)"<<endl;
//	string myLocation;
//	cin >> myLocation;
//    if (remove(myLocation.c_str( )) !=0){
//          //cout<<"Remove operation failed"<<endl;
//    }
//    else{
//        cout<<myLocation<<" has been overwritten."<<endl;
//    }
//    ifstream  src("ActivePlaylist.txt", ios::binary);
//    ofstream  dst(myLocation, ios::binary);
//    dst << src.rdbuf();
//    string stall;
//	cout <<"Your play list has been saved"<<endl;
//	cout <<"Enter anything to return to the main Menu"<<endl;
//	cin>> stall;
//	makeMenu();
//}
//void Application::loadPlayList(){
//	cout << "Where would you like to load from (please include .txt ending)"<<endl;
//	string myLocation;
//	cin >> myLocation;
//	//remove("ActivePlaylist.txt");
//    //ifstream  src(myLocation, ios::binary);
//    //ofstream  dst("ActivePlaylist.txt", ios::binary);
//    //dst << src.rdbuf();
//    string stall;
//	cout <<"Your play list has been loaded"<<endl;
//	cout <<"Enter anything to return to the main Menu"<<endl;
//	cin>> stall;
//	makeMenu();
//}
jrp27@church:~/CS112/Proj01$ cat Application.h 
/*
 * Application.h
 *
 *  Created on: Sep 15, 2017
 *      Author: Jason Pruim
 *  Makes, edits, and searches through a play list via terminal/console.
 */
#ifndef APPLICATION_H_
#define APPLICATION_H_
#include <string>
using namespace std;

class Application {
public:
	Application();
	string makeInterface();
	void titleResponse(const string& response);
	void makeMenu();
	void requestedSearchByArtist();
	void requestedSearchByYear();
	void requestedSearchByTitle();
	void requestedAddSong();
	void makeStarterPlayList();
	void savePlayList();
	void loadPlayList();
};

#endif /* APPLICATION_H_ */
jrp27@church:~/CS112/Proj01$ cat a ApplicationTester.cpp 
/*
 * ApplicationTester.cpp
 *
 *  Created on: Sep 15, 2017
 *      Author: jason
 */

#include "ApplicationTester.h"
#include "Application.h"
#include <cassert>
#include <iostream>
#include <fstream>
using namespace std;

/* Empty constructor
 * Having it avoided an annoying error
 */
ApplicationTester::ApplicationTester(){

}

/* Run Tests
 * @param:
 * return:
 * Goal is to not flag any errors.
 */
void ApplicationTester::runTests(){
	cout << "\nTesting class Application..." << endl;
	testInterface();
	//testResponse();
	cout << "All tests passed!" << endl;
}
/* Test Interface
 * @param:
 * return:
 * Goal is to show that the text created is what is expected
 */
void ApplicationTester::testInterface(){
	cout << "-Interface Text ..."<<flush;
	Application app1;
	string interface = app1.makeInterface();
	//for seeing interface built here
	//cout << interface << endl;
	//assert(interface == "Welcome to Play List Manager \n Please enter:  \n 1: to search in the play list for songs by an artist \n 2: to search in play list by year \n 3: to search play list by title\n 4: to add a song to the play list \n q: to end program");
	cout<< " 1 "<< flush;

	cout << "Passed!"<<endl;
}
//void ApplicationTester::testResponse(){
//	Application app2;
//	assert(app2.input("1")
//}


jrp27@church:~/CS112/Proj01$ cat ApplicationTester.h
/*
 * ApplicationTester.h
 *
 *  Created on: Sep 15, 2017
 *      Author: jason
 */

#ifndef APPLICATIONTESTER_H_
#define APPLICATIONTESTER_H_
#include <string>
class ApplicationTester {
public:
	ApplicationTester();
	void runTests();
	void testInterface();
	//void testResponse(const string& response);
};

#endif /* APPLICATIONTESTER_H_ */
jrp27@church:~/CS112/Proj01$ C cat M main.cpp 
/* main.cpp tests the classes in our project.
* Student Name: Jason Pruim
* Date: September 12
* Begun by: Joel Adams, for CS 112 at Calvin College.
*/

#include "SongTester.h"
#include <iostream>
#include <cassert>
#include "Song.h"
//#include <string>
//#include <fstream>
#include "PlayListTester.h"
#include "PlayList.h"
#include "ApplicationTester.h"
#include "Application.h"
using namespace std;

/* main
 * @param:
 * return:
 * Tests various classes associated with the Play list app.
 * Then calls up the app.
 */
int main() {
	SongTester sTester;
	sTester.runTests();
    PlayListTester plTester;
    plTester.runTests();
    ApplicationTester appTest;
    appTest.runTests();
    cout << string( 100, '\n' );
    Application app;
    //app.makeStarterPlayList();
    app.makeMenu();
}

jrp27@church:~/CS112/Proj01$ cat PlayList.cpp 
/* PlayList.cpp ...
 * ...
 */

#include "PlayList.h"
#include <fstream>      // ifstream
#include <cassert>      // assert()
#include <string>		//string
#include <iostream>
#include <sstream>
using namespace std;

/* PlayList constructor
 * @param: fileName, a string
 * Precondition: fileName contains the name of a playlist file.
 */
PlayList::PlayList(const string& fileName) {
	// open a stream to the playlist file
	ifstream fin(fileName.c_str());
	assert(fin.is_open());

	// read each song and append it to mySongs
	Song s;
	string separator;
	while (true) {
		s.readFrom(fin);
		if (!fin) {
			break;
		}
		getline(fin, separator);
		mySongs.push_back(s);
	}

	// close the stream
	fin.close();
}
unsigned PlayList::getNumSongs() const {
	return mySongs.size();
}

/* Search by artist
 * @param: artist, a string.
 * Return: a vector containing all the Songs in mySongs by artist.
 */
vector<Song> PlayList::searchByArtist(const string& artist) const {
   vector<Song> v;

   for (unsigned i = 0; i < mySongs.size(); i++) {
      if ( mySongs[i].getArtist().find(artist) != string::npos ) {
         v.push_back( mySongs[i] );
      }
   }

   return v;
}
/* Search by Year
 * @param: Year, a string.
 * Return: a vector containing all the Songs in mySongs created in a year.
 */
vector<Song> PlayList::searchByYear(const string& year) const {
   vector<Song> v;

   for (unsigned i = 0; i < mySongs.size(); i++) {
	   double intYear = mySongs[i].getYear();
	   string strYear = static_cast<ostringstream*>( &(ostringstream() << intYear) )->str();
	   //string strYear = to_string(mySongs[i].getYear());
      if ( strYear.find(year) != string::npos ) {
         v.push_back( mySongs[i] );
      }
   }
   return v;
}
/* Search by Title
 * @param: Title, a string.
 * Return: a vector containing all the Songs in mySongs containing that title.
 */
vector<Song> PlayList::searchByTitle(const string& title) const {
   vector<Song> v;

   for (unsigned i = 0; i < mySongs.size(); i++) {
      if ( mySongs[i].getTitle().find(title) != string::npos ) {
         v.push_back( mySongs[i] );
      }
   }

   return v;
}
jrp27@church:~/CS112/Proj01$ cat PlayList.h
/* PlayList.h declares class PlayList.
 * Student Name:
 * Date:
 * Begun by: Joel Adams, for CS 112 at Calvin College.
 */

#ifndef PLAYLIST_H_
#define PLAYLIST_H_

#include "Song.h"
#include <vector>   // STL vector
#include <string>
using namespace std;

class PlayList {
public:
	PlayList(const string& fileName);
	unsigned getNumSongs() const;
	vector<Song> searchByArtist(const string&) const;
	vector<Song> searchByYear(const string&) const;
	vector<Song> searchByTitle(const string&) const;
private:
	vector<Song> mySongs;
};

#endif /*PLAYLIST_H_*/
jrp27@church:~/CS112/Proj01$ cat P
PlayList.cpp                   PlayListTester.h
PlayList.h                     Project01-test2.exe.stackdump
PlayListTester.cpp             
jrp27@church:~/CS112/Proj01$ cat PlayListTester.. cpp 
/* PlayListTester.cpp defines the PlayList test-methods.
 * Student Name:
 * Date:
 * Begun by: Joel Adams, for CS 112 at Calvin College.
 */

#include "PlayListTester.h"
#include <iostream>
using namespace std;
/* Test PlayList class
 * @param:
 * return:
 * Goal is to not flag any errors. Calls other methods that test.
 */
void PlayListTester::runTests() {
	cout << "\nTesting class PlayList..." << endl;
	testConstructors();
	testSearchByArtist();
	testSearchByYear();
	testSearchByTitle();
	cout << "All tests passed!" << endl;
}
/* Test building constructors
 * @param:
 * return:
 * Goal is to not flag any errors.
 */
void PlayListTester::testConstructors() {
	cout << "- constructors..." << flush;
	PlayList pList("testSongs.txt");
	assert(pList.getNumSongs() == 4);
	cout << " 0 " << flush;

	cout << " Passed!" << endl;
}
/* Test Searching by Artist
 * @param:
 * return:
 * Goal is to not flag any errors. Checks for multiple songs with the same artist.
 */
void PlayListTester::testSearchByArtist() {
	cout << "- searchByArtist()... " << flush;
	// load a playlist with test songs
	PlayList pList("testSongs.txt");

	// empty case (0)
	vector<Song> searchResult = pList.searchByArtist("Cream");
	assert(searchResult.size() == 0);
	cout << " 0 " << flush;

	// case of 1
	searchResult = pList.searchByArtist("Baez");
	assert(searchResult.size() == 1);
	assert(searchResult[0].getTitle() == "Let It Be");
	cout << " 1 " << flush;

	// case of 2
	searchResult = pList.searchByArtist("Beatles");
	assert(searchResult.size() == 2);
	assert(searchResult[0].getTitle() == "Let It Be");
	assert(searchResult[1].getTitle() == "Penny Lane");
	cout << " 2 " << flush;

	cout << " Passed!" << endl;
}
/* Test Searching by Year
 * @param:
 * return:
 * Goal is to not flag any errors. Checks for multiple songs with the same year.
 * Shortened years such as "19" will show all songs from 1900's and all years that end or contain 19 like 2019 and 1190
 */
void PlayListTester::testSearchByYear() {
	cout << "- searchByYear()... " << flush;
	// load a playlist with test songs
	PlayList pList("testSongs.txt");

	// empty case (0)
	vector<Song> searchResult = pList.searchByYear("2011");
	assert(searchResult.size() == 0);
	cout << " 0 " << flush;

	// case of 1
	searchResult = pList.searchByYear("2012");
	assert(searchResult.size() == 1);
	assert(searchResult[0].getTitle() == "Call Me Maybe");
	cout << " 1 " << flush;

	// case of 2
	searchResult = pList.searchByYear("1967");
	assert(searchResult.size() == 2);
	assert(searchResult[0].getTitle() == "Let It Be");
	assert(searchResult[1].getTitle() == "Penny Lane");
	cout << " 2 " << flush;

	//case of shortened dates
	searchResult = pList.searchByYear("19");
	assert(searchResult.size() == 3);
	assert(searchResult[0].getTitle() == "Let It Be");
	assert(searchResult[1].getTitle() == "Let It Be");
	assert(searchResult[2].getTitle() == "Penny Lane");
	cout << " 3 " << flush;
	cout << " Passed!" << endl;
}
void PlayListTester::testSearchByTitle() {
	cout << "- searchByTitle()... " << flush;
	// load a playlist with test songs
	PlayList pList("testSongs.txt");

	// empty case (0)
	vector<Song> searchResult = pList.searchByTitle("2011");
	assert(searchResult.size() == 0);
	cout << " 0 " << flush;

	// case of 1 (complete or incomplete title
	searchResult = pList.searchByTitle("Call");
	assert(searchResult.size() == 1);
	assert(searchResult[0].getTitle() == "Call Me Maybe");
	searchResult = pList.searchByTitle("Call Me Maybe");
	assert(searchResult.size() == 1);
	assert(searchResult[0].getTitle() == "Call Me Maybe");
	cout << " 1 " << flush;

	// case of 2
	searchResult = pList.searchByTitle("Let");
	assert(searchResult.size() == 2);
	assert(searchResult[0].getTitle() == "Let It Be");
	assert(searchResult[1].getTitle() == "Let It Be");
	cout << " 2 " << flush;

	cout << " Passed!" << endl;
}
jrp27@church:~/CS112/Proj01$ cat PlayListTester.h
/* PlayListTester.h tests the PlayList class.
 * Student Name:
 * Date:
 * Begun by: Joel Adams, for CS 112 at Calvin College.
 */
#include "PlayList.h"
#include <cassert>

#ifndef PLAYLISTTESTER_
#define PLAYLISTTESTER_

class PlayListTester {
public:
	void runTests();
	void testConstructors();
	void testSearchByArtist();
	void testSearchByYear();
	void testSearchByTitle();
};

#endif /*PLAYLISTTESTER_*/
jrp27@church:~/CS112/Proj01$ cat Song.cpp 
/* Song.cpp defines the methods for class Song (see Song.h).
 * Student Name:
 * Date:
 * Begun by: Joel Adams, for CS 112 at Calvin College.
 */

#include "Song.h"
#include <string>
#include <cstdlib>
/* Song default constructor
 * Postcondition: myTitle and myArtist are empty strings
 *            && myYear == 0.
 */
Song::Song() {
	myTitle = myArtist = "";
	myYear = 0;
}
/* Explicit constructor
 * @param: title, a string
 * @param: artist, a string
 * @year: an unsigned int.
 * Postcondition: myTitle == title &&
 *                myArtist == artist &&
 *                myYear == year.
 */
Song::Song(const string& title, const string& artist, unsigned year) {
	myTitle = title;
	myArtist = artist;
	myYear = year;
}
/* getter method for myTitle
 * Return: myTitle
 */
string Song::getTitle() const {
	return myTitle;
}

/* getter method for myArtist
 * Return: myArtist
 */
string Song::getArtist() const {
	return myArtist;
}

/* getter method for myYear
 * Return: myYear
 */
unsigned Song::getYear() const {
	return myYear;
}
/* Song input method...
 * @param: in, an istream
 * Precondition: in contains the title, artist, and year data for a Song.
 * Postcondition: the title, artist, and year data have been read from in &&
 *                 myTitle == title &&
 *                 myArtist == artist &&
 *                 myYear == year.
 */
void Song::readFrom(istream& in) {
	getline(in, myTitle);
	getline(in, myArtist);
	string yearString;
	getline(in, yearString);
	myYear = atoi(yearString.c_str());
}
/* Song output...
 * @param: out, an ostream
 * Postcondition: out contains myTitle, a newline,
 *                             myArtist, a newline,
 *                             myYear, and a newline.
 */
void Song::writeTo(ostream& out) const {
	out << myTitle << '\n' << myArtist << '\n' << myYear << '\n';
}
jrp27@church:~/CS112/Proj01$ cat Song.h 
 /* Song.h declares a class for storing song information.
    * Student Name:
    * Date:
    * Begun by: Joel Adams, for CS 112 at Calvin College.
    */

#ifndef SONG_H
#define SONG_H

#include <string>
#include <iostream>
#include <fstream>
using namespace std;

class Song {
	public:
	Song();
	Song(const string& , const string& , unsigned );
	string getTitle() const;
	string getArtist() const;
	unsigned getYear() const;
	void readFrom(istream&);
	void writeTo(ostream&) const;
private:
	string   myTitle;
	string   myArtist;
	unsigned myYear;
};
#endif
jrp27@church:~/CS112/Proj01$ cat SongTester.cpp 
/* SongTester.cpp defines the test-methods for class SongTester.
 * Student Name:
 * Date:
 * Begun by: Joel Adams, for CS 112 at Calvin College.
 */

#include "SongTester.h"
#include <iostream>
#include <cassert>
#include "Song.h"
#include <fstream>
//#include "testSongs.txt"
/* test Song class
 * @param:
 * return:
 * Goal is to not flag errors. Calls the other test methods for the class.
 */
void SongTester::runTests() {
	cout << "Testing class Song..." << endl;
	testConstructors();
	testReadFrom();
	testWriteTo();
	cout<<"All tests passed!"<<endl;
}
/* Tests song constructor
 * @param:
 * return:
 * Goal is to make sure the song class instances are created as expected
 */
void SongTester::testConstructors() {
	cout << "- constructors ... " << flush;
	// default constructor
	Song s;
	assert(s.getTitle() == "");
	assert(s.getArtist() == "");
	assert(s.getYear() == 0);
	cout << " 0 " << flush;
	Song s1("Badge", "Cream", 1969);
	assert(s1.getTitle() == "Badge");
	assert(s1.getArtist() == "Cream");
	assert(s1.getYear() == 1969);
	cout << " 1 " << flush;
	cout << " Passed!" << endl;
}
/* Test read from
 * @param:
 * return:
 * Goal is check the ability to read songs from another file
 */
void SongTester::testReadFrom() {
	cout << "- readFrom()... " << flush;
	//ifstream fin;
	//fin.open("testSongs.txt", ifstream::in);
	ifstream fin("testSongs.txt");
	assert(fin.is_open());
	Song s;

	// read first song in test play list
	s.readFrom(fin);
	cout << "s.getTitle: -" << s.getTitle() << "-" << endl;
	assert(s.getTitle() == "Call Me Maybe");
	assert(s.getArtist() == "Carly Rae Jepsen");
	assert(s.getYear() == 2012);
	cout << " 0 " << flush;

	// read second song in test play list
	string separator;
	getline(fin, separator);
	s.readFrom(fin);
	assert(s.getTitle() == "Let It Be");
	assert(s.getArtist() == "The Beatles");
	assert(s.getYear() == 1967);
	cout << " 1 " << flush;

	// read third song in test play list
	getline(fin, separator);
	s.readFrom(fin);
	assert(s.getTitle() == "Let It Be");
	assert(s.getArtist() == "Joan Baez");
	assert(s.getYear() == 1971);
	cout << " 2 " << flush;

	fin.close();
	cout << "Passed!" << endl;
}
/* Test Write To
 * @param:
 * return:
 * Goal is test ability to write to another file, can save songs.
 */
void SongTester::testWriteTo() {
	cout << "- writeTo()... " << flush;

	// declare three songs
	Song s1("Badge", "Cream", 1969);
	Song s2("Godzilla", "Blue Oyster Cult", 1977);
	Song s3("Behind Blue Eyes", "The Who", 1971);

	// write the three songs to an output file
	ofstream fout("testSongOutput.txt");
	assert(fout.is_open());
	s1.writeTo(fout);
	s2.writeTo(fout);
	s3.writeTo(fout);
	fout.close();

	// use readFrom() to see if writeTo() worked
	ifstream fin("testSongOutput.txt");
	assert(fin.is_open());
	Song s4, s5, s6;

	// read and check the first song
	s4.readFrom(fin);
	assert(s4.getTitle() == "Badge");
	assert(s4.getArtist() == "Cream");
	assert(s4.getYear() == 1969);
	cout << " 0 " << flush;

	// read and check the second song
	s5.readFrom(fin);
	assert(s5.getTitle() == "Godzilla");
	assert(s5.getArtist() == "Blue Oyster Cult");
	assert(s5.getYear() == 1977);
	cout << " 1 " << flush;

	// read and check the third song
	s6.readFrom(fin);
	assert(s6.getTitle() == "Behind Blue Eyes");
	assert(s6.getArtist() == "The Who");
	assert(s6.getYear() == 1971);
	cout << " 2 " << flush;

	fin.close();
	cout << " Passed!" << endl;
}
jrp27@church:~/CS112/Proj01$ cat SongTester.h
/* SongTester.h declares a test-class for class Song.
* Student Name:
* Date:
* Begun by: Joel Adams, for CS 112 at Calvin College.
*/

#ifndef SONGTESTER_H_
#define SONGTESTER_H_

class SongTester {
public:
	void runTests();
	void testConstructors();
	void testReadFrom();
	void testWriteTo();
};

#endif /*SONGTESTER_H_*/
jrp27@church:~/CS112/Proj01$ cat Te  testSongOutput.txt ' 
Badge
Cream
1969
Godzilla
Blue Oyster Cult
1977
Behind Blue Eyes
The Who
1971
jrp27@church:~/CS112/Proj01$ cat testSongs.txt 
Call Me Maybe
Carly Rae Jepsen
2012

Let It Be
The Beatles
1967

Let It Be
Joan Baez
1971

Penny Lane
The Beatles
1967
jrp27@church:~/CS112/Proj01$ cat typescript 
jrp27@church:~/CS112/Proj01$ exit

Script done on Wed 20 Sep 2017 11:34:21 AM EDT
