Script started on Mon 27 Nov 2017 05:14:03 PM EST
jrp27@sutherland:~/CS112/Proj09$ cat   ls
BST.h		Debug		Experiment.h	      tester.cpp
BST_Tester.cpp	Exception.h	ExperimentTester.cpp  Tree1.txt
BST_Tester.h	Experiment.cpp	ExperimentTester.h    typescript
jrp27@sutherland:~/CS112/Proj09$ cat BST_Tester.cpp
/* BST_Tester.cpp defines test-methods for class BST.
 * Joel Adams, for CS 112 at Calvin College.
 */
 
 #include "BST_Tester.h"

void BST_Tester::runTests() {
	cout << "Testing class BST" << endl;
	testConstructor();
	testInsert();
	testContains();
	testTraverse();
	testGetHeight();
	cout << "All tests passed!" << endl;
}

void BST_Tester::testGetHeight() {
	cout << "Testing getHeight()..." << flush;
	BST<int> bst;
	// empty
	assert( bst.getHeight() == 0 );
	cout << " 0 " << flush;
	// balanced
	bst.insert(44);
	assert( bst.getHeight() == 1 );
	cout << " 1 " << flush;
	bst.insert(22);
	assert( bst.getHeight() == 2 );
	cout << " 2 " << flush;
	bst.insert(66);
	assert( bst.getHeight() == 2 );
	cout << " 3 " << flush;
	bst.insert(77);
	assert( bst.getHeight() == 3 );
	cout << " 4a " << flush;
	bst.insert(55);
	assert( bst.getHeight() == 3 );
	cout << " 4b " << flush;
	bst.insert(33);
	assert( bst.getHeight() == 3 );
	cout << " 4c " << flush;
	bst.insert(11);
	assert( bst.getHeight() == 3 );
	cout << " 4d " << flush;
	bst.insert(88);
	assert( bst.getHeight() == 4 );
	cout << " 4e " << flush;
	// chained ascending
      BST<int> bst2a;
      bst2a.insert(11);
      bst2a.insert(22);
      bst2a.insert(33);
      bst2a.insert(44);
      bst2a.insert(55);
      bst2a.insert(66);
      bst2a.insert(77);
      assert( bst2a.getHeight() == 7 );
      cout << " 5a " << flush;
	// chained descending
      BST<int> bst2b;
      bst2b.insert(77);
      bst2b.insert(66);
      bst2b.insert(55);
      bst2b.insert(44);
      bst2b.insert(33);
      bst2b.insert(22);
      bst2b.insert(11);
      assert( bst2b.getHeight() == 7 );
      cout << " 5b " << flush;
	// four 4-node permutations
	BST<int> bst3;
	bst3.insert(44);
	assert( bst3.getHeight() == 1 );
      cout << " 6a " << flush;
	bst3.insert(22);
	assert( bst3.getHeight() == 2 );
      cout << " 6b " << flush;
	bst3.insert(33);
	assert( bst3.getHeight() == 3 );
      cout << " 6c " << flush;
	bst3.insert(55);
	assert( bst3.getHeight() == 3 );
      cout << " 6d " << flush;
	BST<int> bst4;
	bst4.insert(44);
	assert( bst4.getHeight() == 1 );
      cout << " 7a " << flush;
	bst4.insert(33);
	assert( bst4.getHeight() == 2 );
      cout << " 7b " << flush;
	bst4.insert(22);
	assert( bst4.getHeight() == 3 );
      cout << " 7c " << flush;
	bst4.insert(55);
	assert( bst4.getHeight() == 3 );
      cout << " 7d " << flush;
	BST<int> bst5;
	bst5.insert(44);
	assert( bst5.getHeight() == 1 );
      cout << " 8a " << flush;
	bst5.insert(33);
	assert( bst5.getHeight() == 2 );
      cout << " 8b " << flush;
	bst5.insert(55);
	assert( bst5.getHeight() == 2 );
      cout << " 8c " << flush;
	bst5.insert(66);
	assert( bst5.getHeight() == 3 );
      cout << " 8d " << flush;
	BST<int> bst6;
	bst6.insert(44);
	assert( bst6.getHeight() == 1 );
      cout << " 9a " << flush;
	bst6.insert(33);
	assert( bst6.getHeight() == 2 );
      cout << " 9b " << flush;
	bst6.insert(66);
	assert( bst6.getHeight() == 2 );
      cout << " 9c " << flush;
	bst6.insert(55);
	assert( bst6.getHeight() == 3 );
      cout << " 9d " << flush;
	cout << " Passed!" << endl;
}


void BST_Tester::testTraverse() {
	cout << "Testing traverse()..." << endl;
	BST<int> bst;
	bst.insert(55);
	bst.insert(33);
	bst.insert(11);
	bst.insert(22);
	bst.insert(44);
	bst.insert(77);
	bst.insert(99);
	bst.insert(88);
	bst.insert(66);
	cout << "- Preorder: expecting: 55 33 11 22 44 77 66 99 88" << endl;
	cout << "- Got                :" << flush;
	bst.traversePreorder(); cout << endl;
	cout << "\n- Postorder: expecting: 22 11 44 33 66 88 99 77 55" << endl;
	cout << "- Got                 :" << flush;
	bst.traversePostorder(); cout << endl;
	cout << "\n- Inorder: expecting: 11 22 33 44 55 66 77 88 99" << endl;
	cout << "- Got               :" << flush;
	bst.traverseInorder(); cout << endl;
		cout << "Passed!" << endl;
}

void BST_Tester::testContains() {
	cout << "Testing contains()... " << flush;
	// empty bst
	BST<int> bst;
	assert( !bst.contains(55) );
	cout << " 1 " << flush;
	// non-empty bst
	bst.insert(55);
	assert( bst.contains(55) );
	cout << " 2 " << flush;

	bst.insert(33);
	bst.insert(77);
	assert( bst.contains(55) );
	assert( bst.contains(33) );
	assert( bst.contains(77) );
	assert( !bst.contains(11) );
	assert( !bst.contains(111) );
	cout << " 3 " << flush;

	bst.insert(11);
	bst.insert(22);
	bst.insert(44);
	bst.insert(66);
	bst.insert(88);
	bst.insert(99);
	for (int i = 1; i <= 100; i++) {
		if ( i % 11 ) {
			assert( !bst.contains(i) );
		} else {
			assert( bst.contains(i) );
		}
	}
	cout << " 4 " << flush;

	cout << " Passed!" << endl;
}

void BST_Tester::testInsert() {
	cout << "Testing insert()... " << flush;
	BST<int> bst;
	assert( bst.isEmpty() );
	cout << " 0 " << flush;
	bst.insert(55);
	assert( !bst.isEmpty() );
	assert( bst.myRoot != NULL );
	assert( bst.myRoot->myItem == 55 );
	assert( bst.myRoot->myLeft == NULL );
	assert( bst.myRoot->myRight == NULL );
	assert( bst.getNumItems() == 1 );
	cout << " 1 " << flush;

	bst.insert(33);
	assert( bst.getNumItems() == 2 );
	assert( bst.myRoot->myRight == NULL );
	assert( bst.myRoot->myLeft != NULL );
	assert( bst.myRoot->myRight == NULL );
	assert( bst.myRoot->myLeft->myItem == 33 );
	cout << " 2 " << flush;

	bst.insert(44);
	assert( bst.getNumItems() == 3 );
	assert( bst.myRoot->myRight == NULL );
	assert( bst.myRoot->myLeft->myRight != NULL );
	assert( bst.myRoot->myLeft->myRight->myItem == 44 );
	cout << " 3 " << flush;

	bst.insert(11);
	assert( bst.getNumItems() == 4 );
	assert( bst.myRoot->myRight == NULL );
	assert( bst.myRoot->myLeft->myLeft != NULL );
	assert( bst.myRoot->myLeft->myLeft->myItem == 11 );
	cout << " 4 " << flush;

	bst.insert(22);
	assert( bst.getNumItems() == 5 );
	assert( bst.myRoot->myRight == NULL );
	assert( bst.myRoot->myLeft->myLeft->myRight != NULL );
	assert( bst.myRoot->myLeft->myLeft->myRight->myItem == 22 );
	cout << " 5 " << flush;

	bst.insert(77);
	assert( bst.getNumItems() == 6 );
	assert( bst.myRoot->myRight != NULL );
	assert( bst.myRoot->myRight->myItem == 77 );
	cout << " 6 " << flush;

	bst.insert(66);
	assert( bst.getNumItems() == 7 );
	assert( bst.myRoot->myRight->myLeft->myItem == 66 );
	cout << " 7 " << flush;

	bst.insert(99);
	assert( bst.getNumItems() == 8 );
	assert( bst.myRoot->myRight->myRight->myItem == 99 );
	cout << " 8 " << flush;

	bst.insert(88);
	assert( bst.getNumItems() == 9 );
	assert( bst.myRoot->myRight->myRight->myLeft->myItem == 88 );
	cout << " 9 " << flush;

	try {
		bst.insert(55);
	} catch (invalid_argument& e) {
		cout << " 10 " << flush;
	}

	try {
		bst.insert(11);
	} catch (invalid_argument& e) {
		cout << " 11 " << flush;
	}

	try {
		bst.insert(88);
	} catch (invalid_argument& e) {
		cout << " 12 " << flush;
	}

	bst.insert(111);
	assert( bst.getNumItems() == 10 );
	assert( bst.myRoot->myRight->myRight->myRight->myItem == 111 );
	cout << " 13 " << flush;

	cout << " Passed!" << endl;
}

void BST_Tester::testConstructor() {
	cout << "Testing constructor... " << flush;
	BST<int> bst;
	assert( bst.isEmpty() );
	assert( bst.getNumItems() == 0 );
	assert( bst.myRoot == NULL );
	assert( bst.myNumItems == 0 );
	cout << "Passed!" << endl;
}

jrp27@sutherland:~/CS112/Proj09$ cat BST_Tester.h 
/* BST_Tester.h declares a class to test class BST.
 * Joel Adams, for CS 112 at Calvin College.
 */

#ifndef BST_TESTER_H_
#define BST_TESTER_H_

#include "BST.h"
#include <iostream>
#include <cassert>
#include<cstdlib>
using namespace std;

class BST_Tester
{
public:
	void runTests();
	void testConstructor();
	void testInsert();
	void testContains();
	void testTraverse();
	void testGetHeight();
};

#endif /*BST_TESTER_H_*/
jrp27@sutherland:~/CS112/Proj09$ cat BST.h 
/* BST.h declares a "classic" binary search tree of linked nodes.
 * Joel Adams, for CS 112 at Calvin College.
 * Student Name:
 * Date:
 * 
 * Class Invariant:
 *   myNumItems == 0 && myRoot == NULL ||
 *   myNumItems > 0 && 
 *     myRoot stores the address of a Node containing an item &&
 *       all items in myRoot->myLeft are less than myRoot->myItem &&
 *       all items in myRoot->myRight are greater than myRoot->myItem.
 */

#ifndef BST_H_
#define BST_H_

#include "Exception.h"
#include <iostream>
using namespace std;

template <class Item>

class BST {
public:
	BST();
	virtual ~BST();
	bool isEmpty() const;
	unsigned getNumItems() const;
	void insert(const Item& item);
	bool contains(const Item& item) const;

	void traverseInorder();
	void traversePreorder();
	void traversePostorder();

	unsigned getHeight();

private:
	struct Node {
	    Node(const Item& it);
            virtual ~Node();

            void nodeInsert(const Item& item);
            bool nodeContains(const Item& item)const;

            void traverseInorder();
            void traversePreorder();
            void traversePostorder();
            virtual void processItem();
            unsigned getHeight();
		
            Item myItem;
            Node* myLeft;
            Node* myRight;
	};
	
	Node* myRoot;
	unsigned myNumItems;
	friend class BST_Tester;
};
template <class Item>

BST<Item>::BST(){
	myRoot = NULL;
	myNumItems = 0;
}
template <class Item>

BST<Item>::~BST() {
	delete myRoot;
	myRoot = NULL;
	myNumItems = 0;
}
template <class Item>

BST<Item>::Node::Node(const Item& it) {
   myItem = it;
   myLeft = NULL;
   myRight = NULL;
}

template <class Item>

BST<Item>::Node::~Node() {
	delete myLeft;
	delete myRight;
}
template <class Item>

bool BST<Item>::isEmpty() const {
	return myNumItems == 0;
}
template <class Item>

unsigned BST<Item>::getNumItems() const {
	return myNumItems;
}
template <class Item>

void BST<Item>::insert(const Item& item){
	if (isEmpty()){
		myRoot = new Node(item);
	}else{
		myRoot->nodeInsert(item);
	}
	myNumItems ++;
}
template<class Item>
void BST<Item>::Node::nodeInsert(const Item& item){
	if(item < myItem){
		if (myLeft == NULL){
			myLeft = new Node(item);
		}else{
			myLeft->nodeInsert(item);
		}
	}else if(item > myItem){
		if (myRight == NULL){
			myRight = new Node(item);
		}else{
			myRight->nodeInsert(item);
		}
	}else if(item == myItem){
		throw (invalid_argument("Item already in BST"));
	}

}
template<class Item>

bool BST<Item>::contains(const Item& item)const{
	if (isEmpty()){
		return false;
	}else{
		return myRoot->nodeContains(item);
	}
}
template<class Item>
bool BST<Item>::Node::nodeContains(const Item& item) const{
	if(myItem == item){
		return true;
	}
	else if(item < myItem){
		if (myLeft == NULL){
			return false;
		}else{
			return myLeft->nodeContains(item);
		}
	}
	else{
		if (myRight == NULL){
			return false;
		}else{
			return myRight->nodeContains(item);
		}
	}
}

template<class Item>
void BST<Item>::traversePreorder() {
	if ( !isEmpty() ) {
		myRoot->traversePreorder();
	}
}
template <class Item>

void BST<Item>::Node::traversePreorder() {
	processItem();
	if (myLeft != NULL) {
		myLeft->traversePreorder();
	}
	if (myRight != NULL) {
		myRight->traversePreorder();
	}
}
template <class Item>

void BST<Item>::Node::processItem() {
		cout << ' ' << myItem << flush;
}
template <class Item>

void BST<Item>::traversePostorder(){
	if ( !isEmpty() ) {
		myRoot->traversePostorder();
	}
}
template <class Item>

void BST<Item>::Node::traversePostorder() {

	if (myLeft != NULL) {
		myLeft->traversePostorder();
	}
	if (myRight != NULL) {
		myRight->traversePostorder();
	}
	processItem();
}
template <class Item>

void BST<Item>::traverseInorder(){
	if ( !isEmpty() ) {
		myRoot->traverseInorder();
	}
}
template <class Item>
void BST<Item>::Node::traverseInorder(){
	if (myLeft != NULL) {
		myLeft->traverseInorder();
	}
	processItem();
	if (myRight != NULL) {
		myRight->traverseInorder();
	}

}
/* BST get height
 * @param: none
 * return: unsigned
 * goal: to return the height of a tree, uses recursion
 * creator: Jason Pruim
 */
template <class Item>
unsigned BST<Item>::getHeight(){
	if ( !isEmpty() ) {
		return myRoot->getHeight();
	}
	else {
		return 0;
	}
}
/* Node get height
 * @param: none
 * return: unsigned
 * goal: to return the maximum height of a all branches attached a node, uses recursion
 * creator: Jason Pruim
 */
template <class Item>
unsigned BST<Item>::Node::getHeight(){
	unsigned left = 0;
	unsigned right = 0;
	if (myLeft != NULL) {
		left = myLeft->getHeight();
	}
	if (myRight != NULL) {
		right = myRight->getHeight();
	}
	return max(left, right)+1;

}

#endif /*BST_H_*/

jrp27@sutherland:~/CS112/Proj09$ cat Exception.h 
/* Exception.h defines a class to consolidate the functionality
 *  that different kinds of exceptions have in common.
 * Joel Adams, for CS 112 at Calvin College.
 */

#ifndef EXCEPTION_H_
#define EXCEPTION_H_

#include <string>    // string
#include <iostream>  // ostream
using namespace std;

class Exception {
public:
   /* construct an Exception
    * Parameters: whereThrown, a string naming the method that threw me.
    *              message, a description of the problem.
    */
   Exception(const string& whereThrown, const string& message) { 
      myLocation = whereThrown; 
      myMessage = message; 
   }
   
   virtual ~Exception() {}
   
   /* build a string representation of myself
    * (polymorphic, in case you want to override it)
    */
   virtual string asString() const { 
   	  return "*** " + className() + " in " + myLocation + ": " + myMessage; 
   }
   
   /* polymorphic method to retrieve the name of the class
    *  (used by asString() above)
    */
   virtual string className() const {
   	  return "Exception";
   }

private:
   string myLocation;    // the method where I was thrown
   string myMessage;     // a description of the problem
};  // Exception

/* insert an Exception (or its subclass) into an ostream
 * Parameters: out, an ostream;
 *             e, an Exception.
 * Postcondition: out contains e's string representation
 *               && out is the return-value.
 */
inline ostream& operator<<(ostream& out, const Exception& e) {
	out << e.asString();
	return out;
}
      
#endif /*EXCEPTION_H_*/
jrp27@sutherland:~/CS112/Proj09$ cat Exception.h           periment.cpp 
/*
 * Experiment.cpp
 *
 *  Created on: Nov 21, 2017
 *      Author: jrp27
 */

#include "Experiment.h"
#include "fstream"
#include "iostream"
/*does nothing
 */
Experiment::Experiment() {
	// TODO Auto-generated constructor stub

}
/* read from all
 * @param: none
 * return:
 * goal: to read 10 files and then find the height and number of repeated values
 * creator: Jason Pruim
 */
void Experiment::readFromAll() {
	string file = "/home/cs/112/proj/09/randomInts01";
	readFrom("/home/cs/112/proj/09/randomInts01");
	readFrom("/home/cs/112/proj/09/randomInts02");
	readFrom("/home/cs/112/proj/09/randomInts03");
	readFrom("/home/cs/112/proj/09/randomInts04");
	readFrom("/home/cs/112/proj/09/randomInts05");
	readFrom("/home/cs/112/proj/09/randomInts06");
	readFrom("/home/cs/112/proj/09/randomInts07");
	readFrom("/home/cs/112/proj/09/randomInts08");
	readFrom("/home/cs/112/proj/09/randomInts09");
	readFrom("/home/cs/112/proj/09/randomInts10");
}
/* read from all
 * @param: const string&
 * return:
 * goal: to read from a file and then output the number of duplicates and the height of the tree
 * creator: Jason Pruim
 */
void Experiment::readFrom(const string& oriName) {
	string Name = oriName + ".txt";
	ifstream fin(Name.c_str());
	if (!fin.is_open()) {
		//cout<< ": failed to open file"<<endl;
		cerr << Name << ": failed to open file";
	}
	assert(fin.is_open());
	BST<long int> myBST;
	long int val, peeked;
	long int duplicates = 0;
	while (!fin.eof()) {
		peeked = fin.peek();
//		fin >> val;
		if (!isspace(peeked)&& !fin.eof()) {
			try {
				fin>>val;
				myBST.insert(val);
			} catch (invalid_argument& ia) {
				duplicates++;
			}
		}else{
			peeked = fin.get();
		}
	}
	cout << "File: " << Name << endl;
	cout << "Number of duplicates: " << duplicates << endl;
	cout << "Height of Tree: " << myBST.getHeight() << endl;
	fin.close();
}

jrp27@sutherland:~/CS112/Proj09$ cat Experiment.cp  h
/*
 * Experiment.h
 *
 *  Created on: Nov 21, 2017
 *      Author: jrp27
 */

#ifndef EXPERIMENT_H_
#define EXPERIMENT_H_
#include "BST_Tester.h"
#include <string>

class Experiment {
public:
	Experiment();
	void readFromAll();
	void readFrom(const string& Name);
private:

};

#endif /* EXPERIMENT_H_ */
jrp27@sutherland:~/CS112/Proj09$ cat ExperimentTester.cpp
/*
 * ExperimentTester.cpp
 *
 *  Created on: Nov 21, 2017
 *      Author: jrp27
 */

#include "ExperimentTester.h"
/* run tests
 * @param: none
 * return:
 * goal: to call the tests and add some formating
 * creator: Jason Pruim
 */
void ExperimentTester:: runTests() {
	cout<< "Testing Experiment"<<endl;
	testReadFrom();
	cout<< "All Tests Passed"<<endl;
}
/* test read from
 * @param: none
 * return:
 * goal: to test the read from function.
 * creator: Jason Pruim
 */
void ExperimentTester::testReadFrom(){
	cout<< "-testing read From"<<endl;
	Experiment e;
	cout<< "Expecting height of 3 and 2 duplicates"<<endl;
	e.readFrom("Tree1");

	cout<< "Passed!"<<endl;

}

jrp27@sutherland:~/CS112/Proj09$ cat ExperimentTester.h
/*
 * ExperimentTester.h
 *
 *  Created on: Nov 21, 2017
 *      Author: jrp27
 */

#ifndef EXPERIMENTTESTER_H_
#define EXPERIMENTTESTER_H_

#include "Experiment.h"
class ExperimentTester {
public:
	void runTests();
	void testReadFrom();

};
#endif /* EXPERIMENTTESTER_H_ */

jrp27@sutherland:~/CS112/Proj09$ cat tester.cpp 

//#include "BST_Tester.h"
#include "ExperimentTester.h"
int main() {
	BST_Tester bstt;
	bstt.runTests();
	ExperimentTester et;
	et.runTests();
	Experiment e;
	e.readFromAll();

}
jrp27@sutherland:~/CS112/Proj09$ cat Tree1.txt 
55
44
33
66
77

33
55
jrp27@sutherland:~/CS112/Proj09$ cd Debug/
jrp27@sutherland:~/CS112/Proj09/Debug$ ls
BST_Tester.d  Experiment.o	  makefile    sources.mk  tester.o
BST_Tester.o  ExperimentTester.d  objects.mk  subdir.mk
Experiment.d  ExperimentTester.o  Proj09      tester.d
jrp27@sutherland:~/CS112/Proj09/Debug$ c make all
make: Nothing to be done for 'all'.
jrp27@sutherland:~/CS112/Proj09/Debug$ cd ..
jrp27@sutherland:~/CS112/Proj09$ ./Debug/Proj09 
Testing class BST
Testing constructor... Passed!
Testing insert()...  0  1  2  3  4  5  6  7  8  9  10  11  12  13  Passed!
Testing contains()...  1  2  3  4  Passed!
Testing traverse()...
- Preorder: expecting: 55 33 11 22 44 77 66 99 88
- Got                : 55 33 11 22 44 77 66 99 88

- Postorder: expecting: 22 11 44 33 66 88 99 77 55
- Got                 : 22 11 44 33 66 88 99 77 55

- Inorder: expecting: 11 22 33 44 55 66 77 88 99
- Got               : 11 22 33 44 55 66 77 88 99
Passed!
Testing getHeight()... 0  1  2  3  4a  4b  4c  4d  4e  5a  5b  6a  6b  6c  6d  7a  7b  7c  7d  8a  8b  8c  8d  9a  9b  9c  9d  Passed!
All tests passed!
Testing Experiment
-testing read From
Expecting height of 3 and 2 duplicates
File: Tree1.txt
Number of duplicates: 2
Height of Tree: 3
Passed!
All Tests Passed
File: /home/cs/112/proj/09/randomInts01.txt
Number of duplicates: 0
Height of Tree: 47
File: /home/cs/112/proj/09/randomInts02.txt
Number of duplicates: 0
Height of Tree: 49
File: /home/cs/112/proj/09/randomInts03.txt
Number of duplicates: 0
Height of Tree: 47
File: /home/cs/112/proj/09/randomInts04.txt
Number of duplicates: 0
Height of Tree: 51
File: /home/cs/112/proj/09/randomInts05.txt
Number of duplicates: 0
Height of Tree: 48
File: /home/cs/112/proj/09/randomInts06.txt
Number of duplicates: 0
Height of Tree: 46
File: /home/cs/112/proj/09/randomInts07.txt
Number of duplicates: 0
Height of Tree: 47
File: /home/cs/112/proj/09/randomInts08.txt
Number of duplicates: 0
Height of Tree: 51
File: /home/cs/112/proj/09/randomInts09.txt
Number of duplicates: 0
Height of Tree: 49
File: /home/cs/112/proj/09/randomInts10.txt
Number of duplicates: 0
Height of Tree: 49
jrp27@sutherland:~/CS112/Proj09$ exit

Script done on Mon 27 Nov 2017 05:15:46 PM EST
